PARAFILE=..\mpiwini8.pnm, PROTOCOL=MPI, NODES= 4
COVARIANCE STEP : Problem=1 Subproblem=0 Superproblem1=0 Iteration1=0 Superproblem2=0 Iteration2=0
 ITERATION           -1
 STARTING SUBJECTS          1 TO        4 ON MANAGER: OK
 STARTING SUBJECTS          5 TO        8 ON WORKER1: OK
 STARTING SUBJECTS          9 TO       12 ON WORKER2: OK
 STARTING SUBJECTS         13 TO       16 ON WORKER3: OK
 COLLECTING SUBJECTS        1 TO        4 ON MANAGER
 COLLECTING SUBJECTS        5 TO        8 ON WORKER1
 COLLECTING SUBJECTS        9 TO       12 ON WORKER2
 COLLECTING SUBJECTS       13 TO       16 ON WORKER3
 Tot. mngr. proc.   Time for this  Iteration  (DDD:HH:MM:SS.DD) 000:00:00:00.00
 Total Load         Time for this  Iteration  (DDD:HH:MM:SS.DD) 000:00:00:00.14
 Total Computation  Time for this  Iteration  (DDD:HH:MM:SS.DD) 000:00:00:00.00
 Accum. mngr. proc. Time among all Iterations (DDD:HH:MM:SS.DD) 000:00:00:00.00
 Accumulated Load   Time among all Iterations (DDD:HH:MM:SS.DD) 000:00:00:00.14
 Accumulated Comp.  Time among all Iterations (DDD:HH:MM:SS.DD) 000:00:00:00.00
 Accumulated CPU    Time of present job       (DDD:HH:MM:SS.DD) 000:00:00:00.00
 
 ITERATION            0
 STARTING SUBJECTS          1 TO        4 ON MANAGER: OK
 STARTING SUBJECTS          5 TO        8 ON WORKER1: OK
 STARTING SUBJECTS          9 TO       12 ON WORKER2: OK
 STARTING SUBJECTS         13 TO       16 ON WORKER3: OK
 COLLECTING SUBJECTS        1 TO        4 ON MANAGER
 COLLECTING SUBJECTS        5 TO        8 ON WORKER1
 COLLECTING SUBJECTS        9 TO       12 ON WORKER2
 COLLECTING SUBJECTS       13 TO       16 ON WORKER3
 Tot. mngr. proc.   Time for this  Iteration  (DDD:HH:MM:SS.DD) 000:00:00:00.00
 Total Load         Time for this  Iteration  (DDD:HH:MM:SS.DD) 000:00:00:00.06
 Total Computation  Time for this  Iteration  (DDD:HH:MM:SS.DD) 000:00:00:00.17
 Accum. mngr. proc. Time among all Iterations (DDD:HH:MM:SS.DD) 000:00:00:00.00
 Accumulated Load   Time among all Iterations (DDD:HH:MM:SS.DD) 000:00:00:05.14
 Accumulated Comp.  Time among all Iterations (DDD:HH:MM:SS.DD) 000:00:00:15.35
 Accumulated CPU    Time of present job       (DDD:HH:MM:SS.DD) 000:00:00:00.00
 
 ITERATION          100
 STARTING SUBJECTS          1 TO        5 ON MANAGER: OK
 STARTING SUBJECTS          6 TO        8 ON WORKER1: OK
 STARTING SUBJECTS          9 TO       12 ON WORKER2: OK
 STARTING SUBJECTS         13 TO       16 ON WORKER3: OK
 COLLECTING SUBJECTS        1 TO        5 ON MANAGER
 COLLECTING SUBJECTS        6 TO        8 ON WORKER1
 COLLECTING SUBJECTS        9 TO       12 ON WORKER2
 COLLECTING SUBJECTS       13 TO       16 ON WORKER3
 Tot. mngr. proc.   Time for this  Iteration  (DDD:HH:MM:SS.DD) 000:00:00:00.00
 Total Load         Time for this  Iteration  (DDD:HH:MM:SS.DD) 000:00:00:00.03
 Total Computation  Time for this  Iteration  (DDD:HH:MM:SS.DD) 000:00:00:00.02
 Accum. mngr. proc. Time among all Iterations (DDD:HH:MM:SS.DD) 000:00:00:00.00
 Accumulated Load   Time among all Iterations (DDD:HH:MM:SS.DD) 000:00:00:10.59
 Accumulated Comp.  Time among all Iterations (DDD:HH:MM:SS.DD) 000:00:00:30.95
 Accumulated CPU    Time of present job       (DDD:HH:MM:SS.DD) 000:00:00:00.00
 
 ITERATION          200
 STARTING SUBJECTS          1 TO        4 ON MANAGER: OK
 STARTING SUBJECTS          5 TO        8 ON WORKER1: OK
 STARTING SUBJECTS          9 TO       12 ON WORKER2: OK
 STARTING SUBJECTS         13 TO       16 ON WORKER3: OK
 COLLECTING SUBJECTS        1 TO        4 ON MANAGER
 COLLECTING SUBJECTS        5 TO        8 ON WORKER1
 COLLECTING SUBJECTS        9 TO       12 ON WORKER2
 COLLECTING SUBJECTS       13 TO       16 ON WORKER3
 Tot. mngr. proc.   Time for this  Iteration  (DDD:HH:MM:SS.DD) 000:00:00:00.00
 Total Load         Time for this  Iteration  (DDD:HH:MM:SS.DD) 000:00:00:00.06
 Total Computation  Time for this  Iteration  (DDD:HH:MM:SS.DD) 000:00:00:00.17
 Accum. mngr. proc. Time among all Iterations (DDD:HH:MM:SS.DD) 000:00:00:00.00
 Accumulated Load   Time among all Iterations (DDD:HH:MM:SS.DD) 000:00:00:15.81
 Accumulated Comp.  Time among all Iterations (DDD:HH:MM:SS.DD) 000:00:00:45.61
 Accumulated CPU    Time of present job       (DDD:HH:MM:SS.DD) 000:00:00:00.00
 
 ITERATION          300
 STARTING SUBJECTS          1 TO        5 ON MANAGER: OK
 STARTING SUBJECTS          6 TO        9 ON WORKER1: OK
 STARTING SUBJECTS         10 TO       13 ON WORKER2: OK
 STARTING SUBJECTS         14 TO       16 ON WORKER3: OK
 COLLECTING SUBJECTS        1 TO        5 ON MANAGER
 COLLECTING SUBJECTS        6 TO        9 ON WORKER1
 COLLECTING SUBJECTS       10 TO       13 ON WORKER2
 COLLECTING SUBJECTS       14 TO       16 ON WORKER3
 Tot. mngr. proc.   Time for this  Iteration  (DDD:HH:MM:SS.DD) 000:00:00:00.00
 Total Load         Time for this  Iteration  (DDD:HH:MM:SS.DD) 000:00:00:00.03
 Total Computation  Time for this  Iteration  (DDD:HH:MM:SS.DD) 000:00:00:00.17
 Accum. mngr. proc. Time among all Iterations (DDD:HH:MM:SS.DD) 000:00:00:00.00
 Accumulated Load   Time among all Iterations (DDD:HH:MM:SS.DD) 000:00:00:21.09
 Accumulated Comp.  Time among all Iterations (DDD:HH:MM:SS.DD) 000:00:01:00.80
 Accumulated CPU    Time of present job       (DDD:HH:MM:SS.DD) 000:00:00:00.00
 
 ITERATION          400
 STARTING SUBJECTS          1 TO        5 ON MANAGER: OK
 STARTING SUBJECTS          6 TO        9 ON WORKER1: OK
 STARTING SUBJECTS         10 TO       12 ON WORKER2: OK
 STARTING SUBJECTS         13 TO       16 ON WORKER3: OK
 COLLECTING SUBJECTS        1 TO        5 ON MANAGER
 COLLECTING SUBJECTS        6 TO        9 ON WORKER1
 COLLECTING SUBJECTS       10 TO       12 ON WORKER2
 COLLECTING SUBJECTS       13 TO       16 ON WORKER3
 Tot. mngr. proc.   Time for this  Iteration  (DDD:HH:MM:SS.DD) 000:00:00:00.00
 Total Load         Time for this  Iteration  (DDD:HH:MM:SS.DD) 000:00:00:00.08
 Total Computation  Time for this  Iteration  (DDD:HH:MM:SS.DD) 000:00:00:00.17
 Accum. mngr. proc. Time among all Iterations (DDD:HH:MM:SS.DD) 000:00:00:00.00
 Accumulated Load   Time among all Iterations (DDD:HH:MM:SS.DD) 000:00:00:26.52
 Accumulated Comp.  Time among all Iterations (DDD:HH:MM:SS.DD) 000:00:01:16.01
 Accumulated CPU    Time of present job       (DDD:HH:MM:SS.DD) 000:00:00:00.00
 
 ITERATION          500
 STARTING SUBJECTS          1 TO        5 ON MANAGER: OK
 STARTING SUBJECTS          6 TO        9 ON WORKER1: OK
 STARTING SUBJECTS         10 TO       13 ON WORKER2: OK
 STARTING SUBJECTS         14 TO       16 ON WORKER3: OK
 COLLECTING SUBJECTS        1 TO        5 ON MANAGER
 COLLECTING SUBJECTS        6 TO        9 ON WORKER1
 COLLECTING SUBJECTS       10 TO       13 ON WORKER2
 COLLECTING SUBJECTS       14 TO       16 ON WORKER3
 Tot. mngr. proc.   Time for this  Iteration  (DDD:HH:MM:SS.DD) 000:00:00:00.00
 Total Load         Time for this  Iteration  (DDD:HH:MM:SS.DD) 000:00:00:00.05
 Total Computation  Time for this  Iteration  (DDD:HH:MM:SS.DD) 000:00:00:00.17
 Accum. mngr. proc. Time among all Iterations (DDD:HH:MM:SS.DD) 000:00:00:00.00
 Accumulated Load   Time among all Iterations (DDD:HH:MM:SS.DD) 000:00:00:31.95
 Accumulated Comp.  Time among all Iterations (DDD:HH:MM:SS.DD) 000:00:01:31.22
 Accumulated CPU    Time of present job       (DDD:HH:MM:SS.DD) 000:00:00:00.00
 
 ITERATION          600
 STARTING SUBJECTS          1 TO        5 ON MANAGER: OK
 STARTING SUBJECTS          6 TO        9 ON WORKER1: OK
 STARTING SUBJECTS         10 TO       12 ON WORKER2: OK
 STARTING SUBJECTS         13 TO       16 ON WORKER3: OK
 COLLECTING SUBJECTS        1 TO        5 ON MANAGER
 COLLECTING SUBJECTS        6 TO        9 ON WORKER1
 COLLECTING SUBJECTS       10 TO       12 ON WORKER2
 COLLECTING SUBJECTS       13 TO       16 ON WORKER3
 Tot. mngr. proc.   Time for this  Iteration  (DDD:HH:MM:SS.DD) 000:00:00:00.00
 Total Load         Time for this  Iteration  (DDD:HH:MM:SS.DD) 000:00:00:00.08
 Total Computation  Time for this  Iteration  (DDD:HH:MM:SS.DD) 000:00:00:00.17
 Accum. mngr. proc. Time among all Iterations (DDD:HH:MM:SS.DD) 000:00:00:00.00
 Accumulated Load   Time among all Iterations (DDD:HH:MM:SS.DD) 000:00:00:37.55
 Accumulated Comp.  Time among all Iterations (DDD:HH:MM:SS.DD) 000:00:01:46.43
 Accumulated CPU    Time of present job       (DDD:HH:MM:SS.DD) 000:00:00:00.00
 
 ITERATION          700
 STARTING SUBJECTS          1 TO        5 ON MANAGER: OK
 STARTING SUBJECTS          6 TO        9 ON WORKER1: OK
 STARTING SUBJECTS         10 TO       13 ON WORKER2: OK
 STARTING SUBJECTS         14 TO       16 ON WORKER3: OK
 COLLECTING SUBJECTS        1 TO        5 ON MANAGER
 COLLECTING SUBJECTS        6 TO        9 ON WORKER1
 COLLECTING SUBJECTS       10 TO       13 ON WORKER2
 COLLECTING SUBJECTS       14 TO       16 ON WORKER3
 Tot. mngr. proc.   Time for this  Iteration  (DDD:HH:MM:SS.DD) 000:00:00:00.00
 Total Load         Time for this  Iteration  (DDD:HH:MM:SS.DD) 000:00:00:00.05
 Total Computation  Time for this  Iteration  (DDD:HH:MM:SS.DD) 000:00:00:00.17
 Accum. mngr. proc. Time among all Iterations (DDD:HH:MM:SS.DD) 000:00:00:00.02
 Accumulated Load   Time among all Iterations (DDD:HH:MM:SS.DD) 000:00:00:43.03
 Accumulated Comp.  Time among all Iterations (DDD:HH:MM:SS.DD) 000:00:02:02.27
 Accumulated CPU    Time of present job       (DDD:HH:MM:SS.DD) 000:00:00:00.00
 
 ITERATION          800
 STARTING SUBJECTS          1 TO        4 ON MANAGER: OK
 STARTING SUBJECTS          5 TO        8 ON WORKER1: OK
 STARTING SUBJECTS          9 TO       12 ON WORKER2: OK
 STARTING SUBJECTS         13 TO       16 ON WORKER3: OK
 COLLECTING SUBJECTS        1 TO        4 ON MANAGER
 COLLECTING SUBJECTS        5 TO        8 ON WORKER1
 COLLECTING SUBJECTS        9 TO       12 ON WORKER2
 COLLECTING SUBJECTS       13 TO       16 ON WORKER3
 Tot. mngr. proc.   Time for this  Iteration  (DDD:HH:MM:SS.DD) 000:00:00:00.00
 Total Load         Time for this  Iteration  (DDD:HH:MM:SS.DD) 000:00:00:00.06
 Total Computation  Time for this  Iteration  (DDD:HH:MM:SS.DD) 000:00:00:00.02
 Accum. mngr. proc. Time among all Iterations (DDD:HH:MM:SS.DD) 000:00:00:00.02
 Accumulated Load   Time among all Iterations (DDD:HH:MM:SS.DD) 000:00:00:49.02
 Accumulated Comp.  Time among all Iterations (DDD:HH:MM:SS.DD) 000:00:02:17.03
 Accumulated CPU    Time of present job       (DDD:HH:MM:SS.DD) 000:00:00:00.00
 
 ITERATION          900
 STARTING SUBJECTS          1 TO        5 ON MANAGER: OK
 STARTING SUBJECTS          6 TO        9 ON WORKER1: OK
 STARTING SUBJECTS         10 TO       12 ON WORKER2: OK
 STARTING SUBJECTS         13 TO       16 ON WORKER3: OK
 COLLECTING SUBJECTS        1 TO        5 ON MANAGER
 COLLECTING SUBJECTS        6 TO        9 ON WORKER1
 COLLECTING SUBJECTS       10 TO       12 ON WORKER2
 COLLECTING SUBJECTS       13 TO       16 ON WORKER3
 Tot. mngr. proc.   Time for this  Iteration  (DDD:HH:MM:SS.DD) 000:00:00:00.00
 Total Load         Time for this  Iteration  (DDD:HH:MM:SS.DD) 000:00:00:00.05
 Total Computation  Time for this  Iteration  (DDD:HH:MM:SS.DD) 000:00:00:00.17
 Accum. mngr. proc. Time among all Iterations (DDD:HH:MM:SS.DD) 000:00:00:00.03
 Accumulated Load   Time among all Iterations (DDD:HH:MM:SS.DD) 000:00:00:55.02
 Accumulated Comp.  Time among all Iterations (DDD:HH:MM:SS.DD) 000:00:02:32.39
 Accumulated CPU    Time of present job       (DDD:HH:MM:SS.DD) 000:00:00:00.00
 
 ITERATION         1000
 STARTING SUBJECTS          1 TO        4 ON MANAGER: OK
 STARTING SUBJECTS          5 TO        8 ON WORKER1: OK
 STARTING SUBJECTS          9 TO       12 ON WORKER2: OK
 STARTING SUBJECTS         13 TO       16 ON WORKER3: OK
 COLLECTING SUBJECTS        1 TO        4 ON MANAGER
 COLLECTING SUBJECTS        5 TO        8 ON WORKER1
 COLLECTING SUBJECTS        9 TO       12 ON WORKER2
 COLLECTING SUBJECTS       13 TO       16 ON WORKER3
