PARAFILE=mpiwini8_awnf.pnm, PROTOCOL=MPI, NODES= 3
TABLE NO.     1: MCMC Bayesian Analysis: Goal Function=AVERAGE VALUE OF LIKELIHOOD FUNCTION: Problem=1 Subproblem=0 Superproblem1=0 Iteration1=0 Superproblem2=0 Iteration2=0
 ITERATION       -10000
 STARTING SUBJECTS          1 TO       34 ON MANAGER: OK
 STARTING SUBJECTS         35 TO       67 ON WORKER1: OK
 STARTING SUBJECTS         68 TO      100 ON WORKER2: OK
 COLLECTING SUBJECTS        1 TO       34 ON MANAGER
 COLLECTING SUBJECTS       35 TO       67 ON WORKER1
 COLLECTING SUBJECTS       68 TO      100 ON WORKER2
 Tot. mngr. proc.   Time for this  Iteration  (DDD:HH:MM:SS.DD) 000:00:00:00.00
 Total Load         Time for this  Iteration  (DDD:HH:MM:SS.DD) 000:00:00:00.00
 Total Computation  Time for this  Iteration  (DDD:HH:MM:SS.DD) 000:00:00:00.05
 Accum. mngr. proc. Time among all Iterations (DDD:HH:MM:SS.DD) 000:00:00:00.00
 Accumulated Load   Time among all Iterations (DDD:HH:MM:SS.DD) 000:00:00:00.02
 Accumulated Comp.  Time among all Iterations (DDD:HH:MM:SS.DD) 000:00:01:00.55
 Accumulated CPU    Time of present job       (DDD:HH:MM:SS.DD) 000:00:00:00.00
 
 ITERATION        -9900
 STARTING SUBJECTS          1 TO       34 ON MANAGER: OK
 STARTING SUBJECTS         35 TO       67 ON WORKER1: OK
 STARTING SUBJECTS         68 TO      100 ON WORKER2: OK
 COLLECTING SUBJECTS        1 TO       34 ON MANAGER
 COLLECTING SUBJECTS       35 TO       67 ON WORKER1
 COLLECTING SUBJECTS       68 TO      100 ON WORKER2
 Tot. mngr. proc.   Time for this  Iteration  (DDD:HH:MM:SS.DD) 000:00:00:00.00
 Total Load         Time for this  Iteration  (DDD:HH:MM:SS.DD) 000:00:00:00.00
 Total Computation  Time for this  Iteration  (DDD:HH:MM:SS.DD) 000:00:00:01.02
 Accum. mngr. proc. Time among all Iterations (DDD:HH:MM:SS.DD) 000:00:00:00.00
 Accumulated Load   Time among all Iterations (DDD:HH:MM:SS.DD) 000:00:00:00.02
 Accumulated Comp.  Time among all Iterations (DDD:HH:MM:SS.DD) 000:00:01:58.21
 Accumulated CPU    Time of present job       (DDD:HH:MM:SS.DD) 000:00:00:00.00
 
 ITERATION        -9800
 STARTING SUBJECTS          1 TO       34 ON MANAGER: OK
 STARTING SUBJECTS         35 TO       67 ON WORKER1: OK
 STARTING SUBJECTS         68 TO      100 ON WORKER2: OK
 COLLECTING SUBJECTS        1 TO       34 ON MANAGER
 COLLECTING SUBJECTS       35 TO       67 ON WORKER1
 COLLECTING SUBJECTS       68 TO      100 ON WORKER2
 Tot. mngr. proc.   Time for this  Iteration  (DDD:HH:MM:SS.DD) 000:00:00:00.00
 Total Load         Time for this  Iteration  (DDD:HH:MM:SS.DD) 000:00:00:00.00
 Total Computation  Time for this  Iteration  (DDD:HH:MM:SS.DD) 000:00:00:01.02
 Accum. mngr. proc. Time among all Iterations (DDD:HH:MM:SS.DD) 000:00:00:00.00
 Accumulated Load   Time among all Iterations (DDD:HH:MM:SS.DD) 000:00:00:00.02
 Accumulated Comp.  Time among all Iterations (DDD:HH:MM:SS.DD) 000:00:03:02.87
 Accumulated CPU    Time of present job       (DDD:HH:MM:SS.DD) 000:00:00:00.00
 
 ITERATION        -9700
 STARTING SUBJECTS          1 TO       34 ON MANAGER: OK
 STARTING SUBJECTS         35 TO       67 ON WORKER1: OK
 STARTING SUBJECTS         68 TO      100 ON WORKER2: OK
 COLLECTING SUBJECTS        1 TO       34 ON MANAGER
 COLLECTING SUBJECTS       68 TO      100 ON WORKER2
 COLLECTING SUBJECTS       35 TO       67 ON WORKER1
 Tot. mngr. proc.   Time for this  Iteration  (DDD:HH:MM:SS.DD) 000:00:00:00.00
 Total Load         Time for this  Iteration  (DDD:HH:MM:SS.DD) 000:00:00:00.00
 Total Computation  Time for this  Iteration  (DDD:HH:MM:SS.DD) 000:00:00:00.05
 Accum. mngr. proc. Time among all Iterations (DDD:HH:MM:SS.DD) 000:00:00:00.02
 Accumulated Load   Time among all Iterations (DDD:HH:MM:SS.DD) 000:00:00:00.02
 Accumulated Comp.  Time among all Iterations (DDD:HH:MM:SS.DD) 000:00:03:58.70
 Accumulated CPU    Time of present job       (DDD:HH:MM:SS.DD) 000:00:00:00.00
 
 ITERATION        -9600
 STARTING SUBJECTS          1 TO       34 ON MANAGER: OK
 STARTING SUBJECTS         35 TO       67 ON WORKER1: OK
 STARTING SUBJECTS         68 TO      100 ON WORKER2: OK
 COLLECTING SUBJECTS        1 TO       34 ON MANAGER
 COLLECTING SUBJECTS       68 TO      100 ON WORKER2
 COLLECTING SUBJECTS       35 TO       67 ON WORKER1
 Tot. mngr. proc.   Time for this  Iteration  (DDD:HH:MM:SS.DD) 000:00:00:00.00
 Total Load         Time for this  Iteration  (DDD:HH:MM:SS.DD) 000:00:00:00.00
 Total Computation  Time for this  Iteration  (DDD:HH:MM:SS.DD) 000:00:00:00.03
 Accum. mngr. proc. Time among all Iterations (DDD:HH:MM:SS.DD) 000:00:00:00.02
 Accumulated Load   Time among all Iterations (DDD:HH:MM:SS.DD) 000:00:00:00.03
 Accumulated Comp.  Time among all Iterations (DDD:HH:MM:SS.DD) 000:00:04:56.59
 Accumulated CPU    Time of present job       (DDD:HH:MM:SS.DD) 000:00:00:00.00
 
 ITERATION        -9500
 STARTING SUBJECTS          1 TO       34 ON MANAGER: OK
 STARTING SUBJECTS         35 TO       67 ON WORKER1: OK
 STARTING SUBJECTS         68 TO      100 ON WORKER2: OK
 COLLECTING SUBJECTS        1 TO       34 ON MANAGER
 COLLECTING SUBJECTS       35 TO       67 ON WORKER1
 COLLECTING SUBJECTS       68 TO      100 ON WORKER2
 Tot. mngr. proc.   Time for this  Iteration  (DDD:HH:MM:SS.DD) 000:00:00:00.00
 Total Load         Time for this  Iteration  (DDD:HH:MM:SS.DD) 000:00:00:00.00
 Total Computation  Time for this  Iteration  (DDD:HH:MM:SS.DD) 000:00:00:01.02
 Accum. mngr. proc. Time among all Iterations (DDD:HH:MM:SS.DD) 000:00:00:00.02
 Accumulated Load   Time among all Iterations (DDD:HH:MM:SS.DD) 000:00:00:00.06
 Accumulated Comp.  Time among all Iterations (DDD:HH:MM:SS.DD) 000:00:05:52.43
 Accumulated CPU    Time of present job       (DDD:HH:MM:SS.DD) 000:00:00:00.00
 
 ITERATION        -9400
 STARTING SUBJECTS          1 TO       34 ON MANAGER: OK
 STARTING SUBJECTS         35 TO       67 ON WORKER1: OK
 STARTING SUBJECTS         68 TO      100 ON WORKER2: OK
 COLLECTING SUBJECTS        1 TO       34 ON MANAGER
 COLLECTING SUBJECTS       68 TO      100 ON WORKER2
 COLLECTING SUBJECTS       35 TO       67 ON WORKER1
 Tot. mngr. proc.   Time for this  Iteration  (DDD:HH:MM:SS.DD) 000:00:00:00.00
 Total Load         Time for this  Iteration  (DDD:HH:MM:SS.DD) 000:00:00:00.00
 Total Computation  Time for this  Iteration  (DDD:HH:MM:SS.DD) 000:00:00:00.05
 Accum. mngr. proc. Time among all Iterations (DDD:HH:MM:SS.DD) 000:00:00:00.05
 Accumulated Load   Time among all Iterations (DDD:HH:MM:SS.DD) 000:00:00:00.06
 Accumulated Comp.  Time among all Iterations (DDD:HH:MM:SS.DD) 000:00:06:46.34
 Accumulated CPU    Time of present job       (DDD:HH:MM:SS.DD) 000:00:00:00.00
 
 ITERATION        -9300
 STARTING SUBJECTS          1 TO       34 ON MANAGER: OK
 STARTING SUBJECTS         35 TO       67 ON WORKER1: OK
 STARTING SUBJECTS         68 TO      100 ON WORKER2: OK
 COLLECTING SUBJECTS        1 TO       34 ON MANAGER
 COLLECTING SUBJECTS       68 TO      100 ON WORKER2
 COLLECTING SUBJECTS       35 TO       67 ON WORKER1
 Tot. mngr. proc.   Time for this  Iteration  (DDD:HH:MM:SS.DD) 000:00:00:00.00
 Total Load         Time for this  Iteration  (DDD:HH:MM:SS.DD) 000:00:00:00.00
 Total Computation  Time for this  Iteration  (DDD:HH:MM:SS.DD) 000:00:00:00.05
 Accum. mngr. proc. Time among all Iterations (DDD:HH:MM:SS.DD) 000:00:00:00.05
 Accumulated Load   Time among all Iterations (DDD:HH:MM:SS.DD) 000:00:00:00.06
 Accumulated Comp.  Time among all Iterations (DDD:HH:MM:SS.DD) 000:00:07:40.33
 Accumulated CPU    Time of present job       (DDD:HH:MM:SS.DD) 000:00:00:00.00
 
 ITERATION        -9200
 STARTING SUBJECTS          1 TO       34 ON MANAGER: OK
 STARTING SUBJECTS         35 TO       67 ON WORKER1: OK
 STARTING SUBJECTS         68 TO      100 ON WORKER2: OK
 COLLECTING SUBJECTS        1 TO       34 ON MANAGER
 COLLECTING SUBJECTS       68 TO      100 ON WORKER2
 COLLECTING SUBJECTS       35 TO       67 ON WORKER1
 Tot. mngr. proc.   Time for this  Iteration  (DDD:HH:MM:SS.DD) 000:00:00:00.00
 Total Load         Time for this  Iteration  (DDD:HH:MM:SS.DD) 000:00:00:00.00
 Total Computation  Time for this  Iteration  (DDD:HH:MM:SS.DD) 000:00:00:01.01
 Accum. mngr. proc. Time among all Iterations (DDD:HH:MM:SS.DD) 000:00:00:00.05
 Accumulated Load   Time among all Iterations (DDD:HH:MM:SS.DD) 000:00:00:00.06
 Accumulated Comp.  Time among all Iterations (DDD:HH:MM:SS.DD) 000:00:08:37.23
 Accumulated CPU    Time of present job       (DDD:HH:MM:SS.DD) 000:00:00:00.00
 
 ITERATION        -9100
 STARTING SUBJECTS          1 TO       34 ON MANAGER: OK
 STARTING SUBJECTS         35 TO       67 ON WORKER1: OK
 STARTING SUBJECTS         68 TO      100 ON WORKER2: OK
 COLLECTING SUBJECTS        1 TO       34 ON MANAGER
 COLLECTING SUBJECTS       35 TO       67 ON WORKER1
 COLLECTING SUBJECTS       68 TO      100 ON WORKER2
 Tot. mngr. proc.   Time for this  Iteration  (DDD:HH:MM:SS.DD) 000:00:00:00.00
 Total Load         Time for this  Iteration  (DDD:HH:MM:SS.DD) 000:00:00:00.00
 Total Computation  Time for this  Iteration  (DDD:HH:MM:SS.DD) 000:00:00:00.05
 Accum. mngr. proc. Time among all Iterations (DDD:HH:MM:SS.DD) 000:00:00:00.05
 Accumulated Load   Time among all Iterations (DDD:HH:MM:SS.DD) 000:00:00:00.06
 Accumulated Comp.  Time among all Iterations (DDD:HH:MM:SS.DD) 000:00:09:23.38
 Accumulated CPU    Time of present job       (DDD:HH:MM:SS.DD) 000:00:00:00.00
 
 ITERATION        -9000
 STARTING SUBJECTS          1 TO       34 ON MANAGER: OK
 STARTING SUBJECTS         35 TO       67 ON WORKER1: OK
 STARTING SUBJECTS         68 TO      100 ON WORKER2: OK
 COLLECTING SUBJECTS        1 TO       34 ON MANAGER
 COLLECTING SUBJECTS       35 TO       67 ON WORKER1
 COLLECTING SUBJECTS       68 TO      100 ON WORKER2
 Tot. mngr. proc.   Time for this  Iteration  (DDD:HH:MM:SS.DD) 000:00:00:00.00
 Total Load         Time for this  Iteration  (DDD:HH:MM:SS.DD) 000:00:00:00.00
 Total Computation  Time for this  Iteration  (DDD:HH:MM:SS.DD) 000:00:00:01.02
 Accum. mngr. proc. Time among all Iterations (DDD:HH:MM:SS.DD) 000:00:00:00.05
 Accumulated Load   Time among all Iterations (DDD:HH:MM:SS.DD) 000:00:00:00.06
 Accumulated Comp.  Time among all Iterations (DDD:HH:MM:SS.DD) 000:00:10:18.39
 Accumulated CPU    Time of present job       (DDD:HH:MM:SS.DD) 000:00:00:00.00
 
 ITERATION        -8900
 STARTING SUBJECTS          1 TO       34 ON MANAGER: OK
 STARTING SUBJECTS         35 TO       67 ON WORKER1: OK
 STARTING SUBJECTS         68 TO      100 ON WORKER2: OK
 COLLECTING SUBJECTS        1 TO       34 ON MANAGER
 COLLECTING SUBJECTS       68 TO      100 ON WORKER2
 COLLECTING SUBJECTS       35 TO       67 ON WORKER1
 Tot. mngr. proc.   Time for this  Iteration  (DDD:HH:MM:SS.DD) 000:00:00:00.00
 Total Load         Time for this  Iteration  (DDD:HH:MM:SS.DD) 000:00:00:00.00
 Total Computation  Time for this  Iteration  (DDD:HH:MM:SS.DD) 000:00:00:00.05
 Accum. mngr. proc. Time among all Iterations (DDD:HH:MM:SS.DD) 000:00:00:00.05
 Accumulated Load   Time among all Iterations (DDD:HH:MM:SS.DD) 000:00:00:00.06
 Accumulated Comp.  Time among all Iterations (DDD:HH:MM:SS.DD) 000:00:10:18.44
 Accumulated CPU    Time of present job       (DDD:HH:MM:SS.DD) 000:00:00:00.00
 
 ITERATION            0
 STARTING SUBJECTS          1 TO       34 ON MANAGER: OK
 STARTING SUBJECTS         35 TO       67 ON WORKER1: OK
 STARTING SUBJECTS         68 TO      100 ON WORKER2: OK
 COLLECTING SUBJECTS        1 TO       34 ON MANAGER
 COLLECTING SUBJECTS       68 TO      100 ON WORKER2
 COLLECTING SUBJECTS       35 TO       67 ON WORKER1
 Tot. mngr. proc.   Time for this  Iteration  (DDD:HH:MM:SS.DD) 000:00:00:00.00
 Total Load         Time for this  Iteration  (DDD:HH:MM:SS.DD) 000:00:00:00.00
 Total Computation  Time for this  Iteration  (DDD:HH:MM:SS.DD) 000:00:00:00.05
 Accum. mngr. proc. Time among all Iterations (DDD:HH:MM:SS.DD) 000:00:00:00.05
 Accumulated Load   Time among all Iterations (DDD:HH:MM:SS.DD) 000:00:00:00.06
 Accumulated Comp.  Time among all Iterations (DDD:HH:MM:SS.DD) 000:00:10:50.09
 Accumulated CPU    Time of present job       (DDD:HH:MM:SS.DD) 000:00:00:00.00
 
 ITERATION          100
 STARTING SUBJECTS          1 TO       34 ON MANAGER: OK
 STARTING SUBJECTS         35 TO       67 ON WORKER1: OK
 STARTING SUBJECTS         68 TO      100 ON WORKER2: OK
 COLLECTING SUBJECTS        1 TO       34 ON MANAGER
 COLLECTING SUBJECTS       68 TO      100 ON WORKER2
 COLLECTING SUBJECTS       35 TO       67 ON WORKER1
 Tot. mngr. proc.   Time for this  Iteration  (DDD:HH:MM:SS.DD) 000:00:00:00.00
 Total Load         Time for this  Iteration  (DDD:HH:MM:SS.DD) 000:00:00:00.00
 Total Computation  Time for this  Iteration  (DDD:HH:MM:SS.DD) 000:00:00:01.01
 Accum. mngr. proc. Time among all Iterations (DDD:HH:MM:SS.DD) 000:00:00:00.08
 Accumulated Load   Time among all Iterations (DDD:HH:MM:SS.DD) 000:00:00:00.14
 Accumulated Comp.  Time among all Iterations (DDD:HH:MM:SS.DD) 000:00:11:15.91
 Accumulated CPU    Time of present job       (DDD:HH:MM:SS.DD) 000:00:00:00.00
 
 ITERATION          200
 STARTING SUBJECTS          1 TO       34 ON MANAGER: OK
 STARTING SUBJECTS         35 TO       67 ON WORKER1: OK
 STARTING SUBJECTS         68 TO      100 ON WORKER2: OK
 COLLECTING SUBJECTS        1 TO       34 ON MANAGER
 COLLECTING SUBJECTS       35 TO       67 ON WORKER1
 COLLECTING SUBJECTS       68 TO      100 ON WORKER2
 Tot. mngr. proc.   Time for this  Iteration  (DDD:HH:MM:SS.DD) 000:00:00:00.00
 Total Load         Time for this  Iteration  (DDD:HH:MM:SS.DD) 000:00:00:00.00
 Total Computation  Time for this  Iteration  (DDD:HH:MM:SS.DD) 000:00:00:00.05
 Accum. mngr. proc. Time among all Iterations (DDD:HH:MM:SS.DD) 000:00:00:00.08
 Accumulated Load   Time among all Iterations (DDD:HH:MM:SS.DD) 000:00:00:00.17
 Accumulated Comp.  Time among all Iterations (DDD:HH:MM:SS.DD) 000:00:11:32.78
 Accumulated CPU    Time of present job       (DDD:HH:MM:SS.DD) 000:00:00:00.00
 
 ITERATION          300
 STARTING SUBJECTS          1 TO       34 ON MANAGER: OK
 STARTING SUBJECTS         35 TO       67 ON WORKER1: OK
 STARTING SUBJECTS         68 TO      100 ON WORKER2: OK
 COLLECTING SUBJECTS        1 TO       34 ON MANAGER
 COLLECTING SUBJECTS       35 TO       67 ON WORKER1
 COLLECTING SUBJECTS       68 TO      100 ON WORKER2
 Tot. mngr. proc.   Time for this  Iteration  (DDD:HH:MM:SS.DD) 000:00:00:00.00
 Total Load         Time for this  Iteration  (DDD:HH:MM:SS.DD) 000:00:00:00.00
 Total Computation  Time for this  Iteration  (DDD:HH:MM:SS.DD) 000:00:00:00.05
 Accum. mngr. proc. Time among all Iterations (DDD:HH:MM:SS.DD) 000:00:00:00.11
 Accumulated Load   Time among all Iterations (DDD:HH:MM:SS.DD) 000:00:00:00.25
 Accumulated Comp.  Time among all Iterations (DDD:HH:MM:SS.DD) 000:00:11:56.51
 Accumulated CPU    Time of present job       (DDD:HH:MM:SS.DD) 000:00:00:00.00
 
 ITERATION          400
 STARTING SUBJECTS          1 TO       34 ON MANAGER: OK
 STARTING SUBJECTS         35 TO       67 ON WORKER1: OK
 STARTING SUBJECTS         68 TO      100 ON WORKER2: OK
 COLLECTING SUBJECTS        1 TO       34 ON MANAGER
 COLLECTING SUBJECTS       68 TO      100 ON WORKER2
 COLLECTING SUBJECTS       35 TO       67 ON WORKER1
 Tot. mngr. proc.   Time for this  Iteration  (DDD:HH:MM:SS.DD) 000:00:00:00.00
 Total Load         Time for this  Iteration  (DDD:HH:MM:SS.DD) 000:00:00:00.00
 Total Computation  Time for this  Iteration  (DDD:HH:MM:SS.DD) 000:00:00:00.05
 Accum. mngr. proc. Time among all Iterations (DDD:HH:MM:SS.DD) 000:00:00:00.12
 Accumulated Load   Time among all Iterations (DDD:HH:MM:SS.DD) 000:00:00:00.30
 Accumulated Comp.  Time among all Iterations (DDD:HH:MM:SS.DD) 000:00:12:16.33
 Accumulated CPU    Time of present job       (DDD:HH:MM:SS.DD) 000:00:00:00.00
 
 ITERATION          500
 STARTING SUBJECTS          1 TO       34 ON MANAGER: OK
 STARTING SUBJECTS         35 TO       67 ON WORKER1: OK
 STARTING SUBJECTS         68 TO      100 ON WORKER2: OK
 COLLECTING SUBJECTS        1 TO       34 ON MANAGER
 COLLECTING SUBJECTS       68 TO      100 ON WORKER2
 COLLECTING SUBJECTS       35 TO       67 ON WORKER1
 Tot. mngr. proc.   Time for this  Iteration  (DDD:HH:MM:SS.DD) 000:00:00:00.00
 Total Load         Time for this  Iteration  (DDD:HH:MM:SS.DD) 000:00:00:00.00
 Total Computation  Time for this  Iteration  (DDD:HH:MM:SS.DD) 000:00:00:00.05
 Accum. mngr. proc. Time among all Iterations (DDD:HH:MM:SS.DD) 000:00:00:00.16
 Accumulated Load   Time among all Iterations (DDD:HH:MM:SS.DD) 000:00:00:00.31
 Accumulated Comp.  Time among all Iterations (DDD:HH:MM:SS.DD) 000:00:12:31.46
 Accumulated CPU    Time of present job       (DDD:HH:MM:SS.DD) 000:00:00:00.00
 
 ITERATION          600
 STARTING SUBJECTS          1 TO       34 ON MANAGER: OK
 STARTING SUBJECTS         35 TO       67 ON WORKER1: OK
 STARTING SUBJECTS         68 TO      100 ON WORKER2: OK
 COLLECTING SUBJECTS        1 TO       34 ON MANAGER
 COLLECTING SUBJECTS       68 TO      100 ON WORKER2
 COLLECTING SUBJECTS       35 TO       67 ON WORKER1
 Tot. mngr. proc.   Time for this  Iteration  (DDD:HH:MM:SS.DD) 000:00:00:00.00
 Total Load         Time for this  Iteration  (DDD:HH:MM:SS.DD) 000:00:00:00.00
 Total Computation  Time for this  Iteration  (DDD:HH:MM:SS.DD) 000:00:00:01.01
 Accum. mngr. proc. Time among all Iterations (DDD:HH:MM:SS.DD) 000:00:00:00.28
 Accumulated Load   Time among all Iterations (DDD:HH:MM:SS.DD) 000:00:00:00.39
 Accumulated Comp.  Time among all Iterations (DDD:HH:MM:SS.DD) 000:00:12:41.91
 Accumulated CPU    Time of present job       (DDD:HH:MM:SS.DD) 000:00:00:00.00
 
 ITERATION          700
 STARTING SUBJECTS          1 TO       34 ON MANAGER: OK
 STARTING SUBJECTS         35 TO       67 ON WORKER1: OK
 STARTING SUBJECTS         68 TO      100 ON WORKER2: OK
 COLLECTING SUBJECTS        1 TO       34 ON MANAGER
 COLLECTING SUBJECTS       68 TO      100 ON WORKER2
 COLLECTING SUBJECTS       35 TO       67 ON WORKER1
 Tot. mngr. proc.   Time for this  Iteration  (DDD:HH:MM:SS.DD) 000:00:00:00.00
 Total Load         Time for this  Iteration  (DDD:HH:MM:SS.DD) 000:00:00:00.00
 Total Computation  Time for this  Iteration  (DDD:HH:MM:SS.DD) 000:00:00:00.02
 Accum. mngr. proc. Time among all Iterations (DDD:HH:MM:SS.DD) 000:00:00:00.31
 Accumulated Load   Time among all Iterations (DDD:HH:MM:SS.DD) 000:00:00:00.42
 Accumulated Comp.  Time among all Iterations (DDD:HH:MM:SS.DD) 000:00:13:05.95
 Accumulated CPU    Time of present job       (DDD:HH:MM:SS.DD) 000:00:00:00.00
 
 ITERATION          800
 STARTING SUBJECTS          1 TO       34 ON MANAGER: OK
 STARTING SUBJECTS         35 TO       67 ON WORKER1: OK
 STARTING SUBJECTS         68 TO      100 ON WORKER2: OK
 COLLECTING SUBJECTS        1 TO       34 ON MANAGER
 COLLECTING SUBJECTS       68 TO      100 ON WORKER2
 COLLECTING SUBJECTS       35 TO       67 ON WORKER1
 Tot. mngr. proc.   Time for this  Iteration  (DDD:HH:MM:SS.DD) 000:00:00:00.00
 Total Load         Time for this  Iteration  (DDD:HH:MM:SS.DD) 000:00:00:00.00
 Total Computation  Time for this  Iteration  (DDD:HH:MM:SS.DD) 000:00:00:01.02
 Accum. mngr. proc. Time among all Iterations (DDD:HH:MM:SS.DD) 000:00:00:00.34
 Accumulated Load   Time among all Iterations (DDD:HH:MM:SS.DD) 000:00:00:00.50
 Accumulated Comp.  Time among all Iterations (DDD:HH:MM:SS.DD) 000:00:13:39.71
 Accumulated CPU    Time of present job       (DDD:HH:MM:SS.DD) 000:00:00:00.00
 
 ITERATION          900
 STARTING SUBJECTS          1 TO       34 ON MANAGER: OK
 STARTING SUBJECTS         35 TO       67 ON WORKER1: OK
 STARTING SUBJECTS         68 TO      100 ON WORKER2: OK
 COLLECTING SUBJECTS        1 TO       34 ON MANAGER
 COLLECTING SUBJECTS       68 TO      100 ON WORKER2
 COLLECTING SUBJECTS       35 TO       67 ON WORKER1
 Tot. mngr. proc.   Time for this  Iteration  (DDD:HH:MM:SS.DD) 000:00:00:00.00
 Total Load         Time for this  Iteration  (DDD:HH:MM:SS.DD) 000:00:00:00.00
 Total Computation  Time for this  Iteration  (DDD:HH:MM:SS.DD) 000:00:00:00.05
 Accum. mngr. proc. Time among all Iterations (DDD:HH:MM:SS.DD) 000:00:00:00.36
 Accumulated Load   Time among all Iterations (DDD:HH:MM:SS.DD) 000:00:00:00.53
 Accumulated Comp.  Time among all Iterations (DDD:HH:MM:SS.DD) 000:00:13:51.99
 Accumulated CPU    Time of present job       (DDD:HH:MM:SS.DD) 000:00:00:00.00
 
 ITERATION         1000
 STARTING SUBJECTS          1 TO       34 ON MANAGER: OK
 STARTING SUBJECTS         35 TO       67 ON WORKER1: OK
 STARTING SUBJECTS         68 TO      100 ON WORKER2: OK
 COLLECTING SUBJECTS        1 TO       34 ON MANAGER
 COLLECTING SUBJECTS       68 TO      100 ON WORKER2
 COLLECTING SUBJECTS       35 TO       67 ON WORKER1
 ITERATION         1000
 STARTING SUBJECTS          1 TO       34 ON MANAGER: OK
 STARTING SUBJECTS         35 TO       67 ON WORKER1: OK
 STARTING SUBJECTS         68 TO      100 ON WORKER2: OK
 COLLECTING SUBJECTS        1 TO       34 ON MANAGER
 COLLECTING SUBJECTS       68 TO      100 ON WORKER2
 COLLECTING SUBJECTS       35 TO       67 ON WORKER1
